こんにちは
きょうの天気ははれですよー
